prisma/seed.ts(16,37): error TS2339: Property 'userAdmin' does not exist on type 'PrismaClient<{ adapter: PrismaPg; }, never, DefaultArgs>'.
src/features/analytics/actions/analytics.actions.ts(32,16): error TS2339: Property 'userAdmin' does not exist on type 'PrismaClient<PrismaClientOptions, never, DefaultArgs>'.
